../Drivers/SmartWatchDrivers/CustomDrivers/display.c:22:6:Display_Init	8	static
../Drivers/SmartWatchDrivers/CustomDrivers/display.c:29:6:split_color_array	32	static
../Drivers/SmartWatchDrivers/CustomDrivers/display.c:38:6:Display_Image	64	dynamic
../Drivers/SmartWatchDrivers/CustomDrivers/display.c:51:6:Display_DrawHeart	32	static
../Drivers/SmartWatchDrivers/CustomDrivers/display.c:58:6:Display_HeartRate	72	static
../Drivers/SmartWatchDrivers/CustomDrivers/display.c:74:6:Display_EnvironnementData	80	static
