../Drivers/SmartWatchDrivers/src/display.c:39:6:Display_Init	16	static
../Drivers/SmartWatchDrivers/src/display.c:47:6:split_color_array	32	static
../Drivers/SmartWatchDrivers/src/display.c:56:6:Display_Image	64	dynamic
../Drivers/SmartWatchDrivers/src/display.c:71:6:Display_DrawHeart	32	static
../Drivers/SmartWatchDrivers/src/display.c:76:6:Display_DrawThermo	32	static
../Drivers/SmartWatchDrivers/src/display.c:81:6:Display_HeartRate	112	static
../Drivers/SmartWatchDrivers/src/display.c:102:6:Display_EnvironnementData	152	static
../Drivers/SmartWatchDrivers/src/display.c:140:6:Display_RenderAnimation	40	static
../Drivers/SmartWatchDrivers/src/display.c:162:6:Display_RenderClock	16	static
../Drivers/SmartWatchDrivers/src/display.c:167:6:Display_RenderEnvironmental	16	static
../Drivers/SmartWatchDrivers/src/display.c:173:6:Display_RenderHeartRate	16	static
../Drivers/SmartWatchDrivers/src/display.c:179:6:Display_RenderGPS	16	static
../Drivers/SmartWatchDrivers/src/display.c:186:6:Display_Update	32	static
